
> react-example@0.0.0 build
> vite build && esbuild server.ts --bundle --platform=node --format=cjs --packages=external --sourcemap --outfile=dist/server.cjs

[36mvite v6.4.3 [32mbuilding for production...[36m[39m
transforming...
[32m✓[39m 2183 modules transformed.
rendering chunks...
computing gzip size...
[2mdist/[22m[32mindex.html                                   [39m[1m[2m  4.81 kB[22m[1m[22m[2m │ gzip:   1.89 kB[22m
[2mdist/[22m[35massets/index-L-vJvxen.css                    [39m[1m[2m188.70 kB[22m[1m[22m[2m │ gzip:  27.66 kB[22m
[2mdist/[22m[36massets/pricing-56L1wlTv.js                   [39m[1m[2m  0.34 kB[22m[1m[22m[2m │ gzip:   0.25 kB[22m
[2mdist/[22m[36massets/FAQPage-Q83vYkpO.js                   [39m[1m[2m  0.36 kB[22m[1m[22m[2m │ gzip:   0.28 kB[22m
[2mdist/[22m[36massets/firebase-Dca7plco.js                  [39m[1m[2m  0.68 kB[22m[1m[22m[2m │ gzip:   0.43 kB[22m
[2mdist/[22m[36massets/rewards-DCMJoptV.js                   [39m[1m[2m  0.88 kB[22m[1m[22m[2m │ gzip:   0.39 kB[22m
[2mdist/[22m[36massets/useDragScroll-CKTRD6mX.js             [39m[1m[2m  1.06 kB[22m[1m[22m[2m │ gzip:   0.50 kB[22m
[2mdist/[22m[36massets/SEO-DZ7XWi0c.js                       [39m[1m[2m  1.71 kB[22m[1m[22m[2m │ gzip:   0.79 kB[22m
[2mdist/[22m[36massets/TrustBadges-Bqb5OcMA.js               [39m[1m[2m  2.83 kB[22m[1m[22m[2m │ gzip:   1.10 kB[22m
[2mdist/[22m[36massets/NotFoundPage-IkXmIyU0.js              [39m[1m[2m  3.21 kB[22m[1m[22m[2m │ gzip:   1.33 kB[22m
[2mdist/[22m[36massets/CheckoutAuthChoiceModal-BeWGiUZC.js   [39m[1m[2m  6.47 kB[22m[1m[22m[2m │ gzip:   1.88 kB[22m
[2mdist/[22m[36massets/FAQSection-BcPlZsQb.js                [39m[1m[2m  6.68 kB[22m[1m[22m[2m │ gzip:   2.26 kB[22m
[2mdist/[22m[36massets/ProductDetailAccordion-CgMWhh2i.js    [39m[1m[2m  8.78 kB[22m[1m[22m[2m │ gzip:   2.01 kB[22m
[2mdist/[22m[36massets/CartPage-Bwh-NZrd.js                  [39m[1m[2m  9.54 kB[22m[1m[22m[2m │ gzip:   2.95 kB[22m
[2mdist/[22m[36massets/OrderSuccessPage-B-mzkVf7.js          [39m[1m[2m  9.60 kB[22m[1m[22m[2m │ gzip:   2.77 kB[22m
[2mdist/[22m[36massets/AIConcierge-BVKSE54i.js               [39m[1m[2m 11.14 kB[22m[1m[22m[2m │ gzip:   3.70 kB[22m
[2mdist/[22m[36massets/QuickViewModal-C19vhdAg.js            [39m[1m[2m 11.85 kB[22m[1m[22m[2m │ gzip:   3.37 kB[22m
[2mdist/[22m[36massets/CustomHamperBuilderModal-nPgPQaCP.js  [39m[1m[2m 13.37 kB[22m[1m[22m[2m │ gzip:   3.99 kB[22m
[2mdist/[22m[36massets/PolicyPagesModal-DDYHRKbj.js          [39m[1m[2m 14.24 kB[22m[1m[22m[2m │ gzip:   3.60 kB[22m
[2mdist/[22m[36massets/AuthModal-BZr3vVAD.js                 [39m[1m[2m 16.86 kB[22m[1m[22m[2m │ gzip:   4.55 kB[22m
[2mdist/[22m[36massets/InfoPagesModal-C-F55mYg.js            [39m[1m[2m 17.08 kB[22m[1m[22m[2m │ gzip:   5.69 kB[22m
[2mdist/[22m[36massets/ProductDetailPage-fCIC3-rn.js         [39m[1m[2m 17.25 kB[22m[1m[22m[2m │ gzip:   4.27 kB[22m
[2mdist/[22m[36massets/AdminOrdersPage-C9pA5t4H.js           [39m[1m[2m 17.46 kB[22m[1m[22m[2m │ gzip:   4.81 kB[22m
[2mdist/[22m[36massets/PatronLoungeModal-DPH615h2.js         [39m[1m[2m 17.57 kB[22m[1m[22m[2m │ gzip:   4.73 kB[22m
[2mdist/[22m[36massets/ShopPage-BrttV4cz.js                  [39m[1m[2m 22.00 kB[22m[1m[22m[2m │ gzip:   6.30 kB[22m
[2mdist/[22m[36massets/JournalPage-sRXZXBWr.js               [39m[1m[2m 32.23 kB[22m[1m[22m[2m │ gzip:  10.14 kB[22m
[2mdist/[22m[36massets/PoliciesPage-B7JoQM7H.js              [39m[1m[2m 32.50 kB[22m[1m[22m[2m │ gzip:   6.08 kB[22m
[2mdist/[22m[36massets/icons-D_sztiM_.js                     [39m[1m[2m 33.45 kB[22m[1m[22m[2m │ gzip:   7.96 kB[22m
[2mdist/[22m[36massets/InfoPage-DUYsXNDP.js                  [39m[1m[2m 41.34 kB[22m[1m[22m[2m │ gzip:  10.09 kB[22m
[2mdist/[22m[36massets/CheckoutPage-DIMSBMJZ.js              [39m[1m[2m 47.10 kB[22m[1m[22m[2m │ gzip:  10.89 kB[22m
[2mdist/[22m[36massets/HomePage-CKyJwpSq.js                  [39m[1m[2m 73.68 kB[22m[1m[22m[2m │ gzip:  21.67 kB[22m
[2mdist/[22m[36massets/motion-C7_SpgPG.js                    [39m[1m[2m139.14 kB[22m[1m[22m[2m │ gzip:  46.16 kB[22m
[2mdist/[22m[36massets/index-h1YKAzW7.js                     [39m[1m[2m211.58 kB[22m[1m[22m[2m │ gzip:  51.41 kB[22m
[2mdist/[22m[36massets/react-vendor-DzJgMpcc.js              [39m[1m[2m232.61 kB[22m[1m[22m[2m │ gzip:  74.53 kB[22m
[2mdist/[22m[36massets/firebase-Cxjl2XAf.js                  [39m[1m[33m904.95 kB[39m[22m[2m │ gzip: 219.72 kB[22m
[33m
(!) Some chunks are larger than 500 kB after minification. Consider:
- Using dynamic import() to code-split the application
- Use build.rollupOptions.output.manualChunks to improve chunking: https://rollupjs.org/configuration-options/#output-manualchunks
- Adjust chunk size limit for this warning via build.chunkSizeWarningLimit.[39m
[32m✓ built in 23.75s[39m

  dist\server.cjs      170.4kb
  dist\server.cjs.map  273.1kb

Done in 15ms
